------------------------------------------------------------
TimeQuest Timing Analyzer Summary
------------------------------------------------------------

Type  : Slow 1200mV 85C Model Setup 'td_clk27'
Slack : -14.346
TNS   : -3394.882

Type  : Slow 1200mV 85C Model Setup 'vga:vga_output|pixel_clock'
Slack : -3.492
TNS   : -139.774

Type  : Slow 1200mV 85C Model Setup 'clk50'
Slack : -0.145
TNS   : -0.145

Type  : Slow 1200mV 85C Model Hold 'clk50'
Slack : 0.065
TNS   : 0.000

Type  : Slow 1200mV 85C Model Hold 'td_clk27'
Slack : 0.388
TNS   : 0.000

Type  : Slow 1200mV 85C Model Hold 'vga:vga_output|pixel_clock'
Slack : 0.403
TNS   : 0.000

Type  : Slow 1200mV 85C Model Minimum Pulse Width 'td_clk27'
Slack : -3.000
TNS   : -2136.435

Type  : Slow 1200mV 85C Model Minimum Pulse Width 'clk50'
Slack : -3.000
TNS   : -4.285

Type  : Slow 1200mV 85C Model Minimum Pulse Width 'vga:vga_output|pixel_clock'
Slack : -1.285
TNS   : -109.225

Type  : Slow 1200mV 0C Model Setup 'td_clk27'
Slack : -12.987
TNS   : -3038.637

Type  : Slow 1200mV 0C Model Setup 'vga:vga_output|pixel_clock'
Slack : -3.088
TNS   : -121.738

Type  : Slow 1200mV 0C Model Setup 'clk50'
Slack : -0.048
TNS   : -0.048

Type  : Slow 1200mV 0C Model Hold 'clk50'
Slack : 0.012
TNS   : 0.000

Type  : Slow 1200mV 0C Model Hold 'td_clk27'
Slack : 0.341
TNS   : 0.000

Type  : Slow 1200mV 0C Model Hold 'vga:vga_output|pixel_clock'
Slack : 0.354
TNS   : 0.000

Type  : Slow 1200mV 0C Model Minimum Pulse Width 'td_clk27'
Slack : -3.000
TNS   : -2108.275

Type  : Slow 1200mV 0C Model Minimum Pulse Width 'clk50'
Slack : -3.000
TNS   : -4.285

Type  : Slow 1200mV 0C Model Minimum Pulse Width 'vga:vga_output|pixel_clock'
Slack : -1.285
TNS   : -109.225

Type  : Fast 1200mV 0C Model Setup 'td_clk27'
Slack : -6.282
TNS   : -1616.311

Type  : Fast 1200mV 0C Model Setup 'vga:vga_output|pixel_clock'
Slack : -1.315
TNS   : -40.102

Type  : Fast 1200mV 0C Model Setup 'clk50'
Slack : 0.214
TNS   : 0.000

Type  : Fast 1200mV 0C Model Hold 'clk50'
Slack : -0.029
TNS   : -0.029

Type  : Fast 1200mV 0C Model Hold 'td_clk27'
Slack : 0.176
TNS   : 0.000

Type  : Fast 1200mV 0C Model Hold 'vga:vga_output|pixel_clock'
Slack : 0.182
TNS   : 0.000

Type  : Fast 1200mV 0C Model Minimum Pulse Width 'td_clk27'
Slack : -3.000
TNS   : -1069.787

Type  : Fast 1200mV 0C Model Minimum Pulse Width 'clk50'
Slack : -3.000
TNS   : -4.043

Type  : Fast 1200mV 0C Model Minimum Pulse Width 'vga:vga_output|pixel_clock'
Slack : -1.000
TNS   : -85.000

------------------------------------------------------------
